10:19:25 **** Incremental Build of configuration Debug for project Ejercicio10 ****
make -j12 all 
arm-none-eabi-gcc "../Core/Src/main.c" -mcpu=cortex-m4 -std=gnu11 -g3 -DDEBUG -DUSE_HAL_DRIVER -DSTM32F446xx -c -I../Core/Inc -I../Drivers/STM32F4xx_HAL_Driver/Inc -I../Drivers/STM32F4xx_HAL_Driver/Inc/Legacy -I../Drivers/CMSIS/Device/ST/STM32F4xx/Include -I../Drivers/CMSIS/Include -O0 -ffunction-sections -fdata-sections -Wall -fstack-usage -fcyclomatic-complexity -MMD -MP -MF"Core/Src/main.d" -MT"Core/Src/main.o" --specs=nano.specs -mfpu=fpv4-sp-d16 -mfloat-abi=hard -mthumb -o "Core/Src/main.o"
arm-none-eabi-gcc -o "Ejercicio10.elf" @"objects.list"   -mcpu=cortex-m4 -T"C:\Users\thony\Documents\Maestria\Arquitectura de Microcontroladores\Programacion\Arquitectura-de-Microcontroladores\Ejercicio10\STM32F446RETX_FLASH.ld" --specs=nosys.specs -Wl,-Map="Ejercicio10.map" -Wl,--gc-sections -static --specs=nano.specs -mfpu=fpv4-sp-d16 -mfloat-abi=hard -mthumb -Wl,--start-group -lc -lm -Wl,--end-group
Finished building target: Ejercicio10.elf
 
arm-none-eabi-size   Ejercicio10.elf 
arm-none-eabi-objdump -h -S  Ejercicio10.elf  > "Ejercicio10.list"
   text	   data	    bss	    dec	    hex	filename
  13400	    112	   1976	  15488	   3c80	Ejercicio10.elf
Finished building: default.size.stdout
 
Finished building: Ejercicio10.list
 
10:19:39 **** Incremental Build of configuration Debug for project Ejercicio10 ****
make -j12 all 
arm-none-eabi-size   Ejercicio10.elf 
   text	   data	    bss	    dec	    hex	filename
  13400	    112	   1976	  15488	   3c80	Ejercicio10.elf
Finished building: default.size.stdout
 
